../Core/Src/lcd_functions.c:6:6:ILI9341_DrawPixel	32	static
../Core/Src/lcd_functions.c:21:6:DrawChar	40	static
../Core/Src/lcd_functions.c:58:6:DrawString	40	static
../Core/Src/lcd_functions.c:67:6:ILI9341_FillRect	40	static
../Core/Src/lcd_functions.c:100:6:ILI9341_DrawVLine	32	static
../Core/Src/lcd_functions.c:106:6:ILI9341_DrawHLine	32	static
../Core/Src/lcd_functions.c:112:6:ILI9341_DrawRect	24	static
../Core/Src/lcd_functions.c:126:6:display_battle_screen	128	static
../Core/Src/lcd_functions.c:137:6:display_capture_screen	16	static
../Core/Src/lcd_functions.c:144:6:fade_background	24	static
../Core/Src/lcd_functions.c:155:6:slide_text	40	static
../Core/Src/lcd_functions.c:163:6:progress_bar	48	static
../Core/Src/lcd_functions.c:178:6:update_progress_bar	48	static
../Core/Src/lcd_functions.c:184:6:shake_element	48	static
../Core/Src/lcd_functions.c:197:6:draw_circle	40	static
../Core/Src/lcd_functions.c:224:6:FlashScreen	24	static
../Core/Src/lcd_functions.c:234:6:DrawRotatedString	32	static
../Core/Src/lcd_functions.c:242:6:DrawRotatedChar	48	static
../Core/Src/lcd_functions.c:264:6:DisplayPokemonImage	40	static
