../Core/Src/main.c:88:5:main	8	static
../Core/Src/main.c:143:6:SystemClock_Config	88	static
../Core/Src/main.c:190:13:MX_I2C1_Init	8	static
../Core/Src/main.c:224:13:MX_SPI2_Init	8	static
../Core/Src/main.c:262:13:MX_USART1_UART_Init	8	static
../Core/Src/main.c:295:13:MX_USART2_UART_Init	8	static
../Core/Src/main.c:326:13:MX_DMA_Init	16	static
../Core/Src/main.c:354:13:MX_GPIO_Init	56	static
../Core/Src/main.c:468:5:__io_putchar	16	static
../Core/Src/main.c:486:6:Error_Handler	4	static,ignoring_inline_asm
