../Core/Src/main.c:84:5:main	16	static
../Core/Src/main.c:140:6:SystemClock_Config	88	static
../Core/Src/main.c:187:13:MX_I2C1_Init	8	static
../Core/Src/main.c:221:13:MX_SPI2_Init	8	static
../Core/Src/main.c:259:13:MX_USART1_UART_Init	8	static
../Core/Src/main.c:292:13:MX_USART2_UART_Init	8	static
../Core/Src/main.c:323:13:MX_DMA_Init	16	static
../Core/Src/main.c:344:13:MX_GPIO_Init	56	static
../Core/Src/main.c:498:5:__io_putchar	16	static
../Core/Src/main.c:511:6:process_SD_card	8424	static
../Core/Src/main.c:591:6:Error_Handler	4	static,ignoring_inline_asm
